components/HomeContent.tsx(21,21): error TS2307: Cannot find module './AboutMe' or its corresponding type declarations.
